
> organizer-monorepo@0.1.0 test
> npm run --workspaces --if-present test


> @organizer/server@0.1.0 test
> vitest run


 RUN  v3.2.7 /Users/artem/git_craft/_organizer/server

 ✓ test/sync.test.ts (3 tests) 115ms
 ✓ test/delivery-log.test.ts (4 tests) 113ms
 ✓ test/server.test.ts (7 tests) 131ms
 ✓ test/scheduler.test.ts (4 tests) 140ms
 ✓ test/auth.test.ts (6 tests) 144ms
 ✓ test/events-validation.test.ts (6 tests) 146ms
 ✓ test/hardening.test.ts (4 tests) 152ms
 ✓ test/tasks-validation.test.ts (8 tests) 167ms
 ✓ test/reminders-dispatch.test.ts (11 tests) 283ms
 ✓ test/task-status.test.ts (4 tests) 4ms

 Test Files  10 passed (10)
      Tests  57 passed (57)
   Start at  00:31:46
   Duration  887ms (transform 744ms, setup 0ms, collect 2.39s, tests 1.39s, environment 1ms, prepare 761ms)


> @organizer/cli@0.1.0 test
> vitest run


 RUN  v3.2.7 /Users/artem/git_craft/_organizer/cli

stdout | test/cli.test.ts > Organizer CLI: PluginLoader & Local Worker > loadFromCode инициализирует плагин и вызывает onInit
[Plugin] Plugin initialized

 ✓ test/cli.test.ts (5 tests) 50ms

 Test Files  1 passed (1)
      Tests  5 passed (5)
   Start at  00:31:47
   Duration  350ms (transform 46ms, setup 0ms, collect 99ms, tests 50ms, environment 0ms, prepare 31ms)


> @organizer/web@0.1.0 test
> vitest run


 RUN  v3.2.7 /Users/artem/git_craft/_organizer/web

 ✓ test/proxy.test.ts (4 tests) 3ms
 ✓ test/api-client.test.ts (1 test) 1ms
 ✓ test/app-shell.test.ts (3 tests) 10ms
 ✓ test/todos-module.test.ts (15 tests) 778ms

 Test Files  4 passed (4)
      Tests  23 passed (23)
   Start at  00:31:48
   Duration  1.24s (transform 94ms, setup 0ms, collect 130ms, tests 792ms, environment 682ms, prepare 198ms)

